[backblue.gif]
[fade.gif]
[index.html]
[amisign.com/feed/index.html]
[amisign.com/comments/feed/index.html]
[amisign.com/wp-content/plugins/revslider/public/assets/js/jquery.themepunch.tools.min23da.js]
[amisign.com/wp-includes/js/jquery/jqueryb8ff.js]
[amisign.com/wp-includes/js/jquery/jquery-migrate.min330a.js]
[amisign.com/index.html]
[amisign.com/wp-content/plugins/revslider/public/assets/js/jquery.themepunch.revolution.min23da.js]
[amisign.com/wp-content/themes/wp-recruitment/assets/js/bootstrap.mind617.js]
[amisign.com/wp-content/themes/wp-recruitment/assets/js/jquery.magnific-popup.min8a54.js]
[amisign.com/wp-json/index.html]
[amisign.com/xmlrpc.php]
[amisign.com/xmlrpc0db0.php]
[amisign.com/wp-includes/wlwmanifest.xml]
[amisign.com/wp-json/oembed/1.0/embedc99b.json]
[amisign.com/wp-json/oembed/1.0/embeddc7b]
[amisign.com/wp-content/plugins/cmssuperheroes/assets/css/cms-style092c.css]
[amisign.com/wp-content/uploads/2018/11/cropped-amicon1-32x32.png]
[amisign.com/wp-content/uploads/2018/11/cropped-amicon1-192x192.png]
[amisign.com/wp-content/uploads/2018/11/cropped-amicon1-180x180.png]
[amisign.com/wp-content/uploads/2018/11/am2.png]
[amisign.com/wp-content/plugins/contact-form-7/includes/css/styles5560.css]
[amisign.com/wp-content/plugins/jobboard-map/assets/css/jobboard-map092c.css]
[amisign.com/wp-content/uploads/2018/11/2-1-1.jpg]
[amisign.com/wp-content/plugins/jobboard-profile-widget/assets/css/profile-widget092c.css]
[amisign.com/wp-content/plugins/jobboard/assets/libs/select2/select2.minfa0c.css]
[amisign.com/wp-content/uploads/2016/10/process_icon3.png]
[amisign.com/wp-content/uploads/2016/10/process_icon2.png]
[amisign.com/wp-content/uploads/2016/10/process_icon1.png]
[amisign.com/wp-content/uploads/2016/10/image-profile.jpg]
[amisign.com/wp-content/plugins/jobboard/assets/libs/bootstrap/responsive.min092c.css]
[amisign.com/wp-content/uploads/2016/10/image-CV.jpg]
[amisign.com/wp-content/uploads/2016/11/Testimonial_4.jpg]
[amisign.com/wp-content/plugins/jobboard/assets/libs/modal-effects/modal-effects092c.css]
[amisign.com/wp-content/plugins/contact-form-7/includes/js/scripts5560.js]
[amisign.com/wp-content/plugins/jobboard-deadline/assets/js/jquery.countdown.min3601.js]
[amisign.com/wp-content/plugins/jobboard-deadline/assets/js/jobboard-deadline9b74.js]
[amisign.com/wp-content/plugins/jobboard/assets/css/jobboard092c.css]
[amisign.com/wp-content/plugins/jobboard/assets/libs/select2/select2.minfa0c.js]
[amisign.com/wp-content/plugins/jobboard/assets/libs/select2/classie9b74.js]
[amisign.com/wp-content/plugins/jobboard/assets/libs/modal-effects/modal-effects9b74.js]
[amisign.com/wp-content/plugins/jobboard/assets/js/jobboard9b74.js]
[amisign.com/wp-includes/css/dashicons.min092c.css]
[amisign.com/wp-content/plugins/news-twitter/js/jquery.bxslider.min8aee.js]
[amisign.com/wp-content/plugins/news-twitter/js/news-twitter8a54.js]
[amisign.com/wp-content/themes/wp-recruitment/assets/js/main8a54.js]
[amisign.com/wp-content/themes/wp-recruitment/assets/js/menu8a54.js]
[amisign.com/wp-content/plugins/js_composer/assets/lib/bower/font-awesome/fonts/fontawesome-webfont3e6e.eot]
[amisign.com/wp-content/themes/wp-recruitment/assets/js/jquery.matchHeight-min8a54.js]
[amisign.com/wp-content/themes/wp-recruitment/assets/js/enscroll8a54.js]
[amisign.com/wp-content/plugins/newsletter/subscription/validatea78f.js]
[amisign.com/wp-includes/js/wp-embed.min092c.js]
[amisign.com/wp-content/plugins/js_composer/assets/js/dist/js_composer_front.min24b2.js]
[amisign.com/wp-content/themes/wp-recruitment/assets/js/owl.carousel.min30b5.js]
[amisign.com/wp-content/themes/wp-recruitment/inc/elements/jobboard/cms-jobs8a54.js]
[amisign.com/wp-content/themes/wp-recruitment/assets/js/owl.carousel.cms8a54.js]
[amisign.com/wp-content/plugins/contact-form-7/images/ajax-loader.gif]
[amisign.com/wp-includes/fonts/dashicons.eot]
[amisign.com/wp-content/plugins/js_composer/assets/lib/bower/font-awesome/fonts/fontawesome-webfontd41d.eot]
[amisign.com/wp-content/plugins/js_composer/assets/lib/bower/font-awesome/fonts/fontawesome-webfont3e6e.woff2]
[amisign.com/wp-content/plugins/js_composer/assets/lib/bower/font-awesome/fonts/fontawesome-webfont3e6e.woff]
[amisign.com/wp-content/plugins/js_composer/assets/lib/bower/font-awesome/fonts/fontawesome-webfont3e6e.ttf]
[amisign.com/wp-content/plugins/js_composer/assets/lib/bower/font-awesome/css/font-awesome.min24b2.css]
[amisign.com/wp-content/plugins/revslider/public/assets/assets/gridtile_3x3_white.png]
[amisign.com/wp-content/plugins/revslider/public/assets/assets/coloredbg.png]
[amisign.com/wp-content/plugins/js_composer/assets/lib/bower/font-awesome/fonts/fontawesome-webfont3e6e.svg]
[amisign.com/wp-content/plugins/revslider/public/assets/fonts/revicons/revicons90c6.eot]
[amisign.com/wp-content/plugins/revslider/public/assets/fonts/revicons/revicons90c6.woff]
[amisign.com/wp-content/plugins/revslider/public/assets/fonts/revicons/revicons90c6.ttf]
[amisign.com/wp-content/plugins/revslider/public/assets/assets/loader.gif]
[amisign.com/wp-content/plugins/revslider/public/assets/css/openhand.cur]
[amisign.com/wp-content/plugins/revslider/public/assets/css/closedhand.cur]
[amisign.com/wp-content/plugins/revslider/public/assets/assets/gridtile.png]
[amisign.com/wp-content/plugins/revslider/public/assets/assets/gridtile_white.png]
[amisign.com/wp-content/plugins/revslider/public/assets/css/settings23da.css]
[amisign.com/wp-content/plugins/revslider/public/assets/assets/gridtile_3x3.png]
[amisign.com/wp-content/themes/wp-recruitment/assets/fonts/glyphicons-halflings-regular.eot]
[amisign.com/wp-content/themes/wp-recruitment/assets/css/bootstrap.mind617.css]
[amisign.com/wp-content/themes/wp-recruitment/assets/fonts/glyphicons-halflings-regulard41d.eot]
[amisign.com/wp-content/themes/wp-recruitment/assets/fonts/glyphicons-halflings-regular.woff2]
[amisign.com/wp-content/themes/wp-recruitment/assets/fonts/glyphicons-halflings-regular.woff]
[amisign.com/wp-content/themes/wp-recruitment/assets/fonts/glyphicons-halflings-regular.ttf]
[amisign.com/wp-content/themes/wp-recruitment/assets/css/magnific-popup8a54.css]
[amisign.com/wp-content/themes/wp-recruitment/assets/css/material-design-iconic-font.minb2f9.css]
[amisign.com/wp-content/themes/wp-recruitment/assets/fonts/Material-Design-Iconic-Fontd1f1.woff2]
[amisign.com/wp-content/themes/wp-recruitment/assets/fonts/Material-Design-Iconic-Fontd1f1.woff]
[amisign.com/wp-content/themes/wp-recruitment/assets/fonts/Material-Design-Iconic-Fontd1f1.ttf]
[amisign.com/wp-content/themes/wp-recruitment/style092c.css]
[amisign.com/wp-content/themes/wp-recruitment/assets/css/pe-icon-7-strokef269.css]
[amisign.com/wp-content/themes/wp-recruitment/assets/fonts/Pe-icon-7-strokea93c.eot]
[amisign.com/wp-content/themes/wp-recruitment/assets/fonts/Pe-icon-7-stroked41d.eot]
[amisign.com/wp-content/themes/wp-recruitment/assets/fonts/Pe-icon-7-strokea93c.woff]
[amisign.com/wp-content/themes/wp-recruitment/assets/fonts/Pe-icon-7-strokea93c.ttf]
[amisign.com/wp-content/uploads/2017/12/event-banner.jpg]
[amisign.com/wp-content/themes/wp-recruitment/assets/images/icon-paypal.png]
[amisign.com/wp-content/themes/wp-recruitment/assets/images/cv.png]
[amisign.com/wp-content/themes/wp-recruitment/assets/images/icon-login.png]
[amisign.com/wp-content/themes/wp-recruitment/assets/images/bg-page-title.jpg]
[amisign.com/wp-content/themes/wp-recruitment/assets/images/icon-zoom.png]
[amisign.com/wp-content/themes/wp-recruitment/assets/images/apply-icon.png]
[amisign.com/wp-content/themes/wp-recruitment/assets/images/icon-cart.png]
[amisign.com/wp-content/themes/wp-recruitment/assets/images/box-shadow-top.png]
[amisign.com/wp-content/themes/wp-recruitment/assets/images/box-shadow-bottom.png]
[amisign.com/wp-content/themes/wp-recruitment/assets/images/bg-404-page.jpg]
[amisign.com/wp-content/themes/wp-recruitment/assets/fonts/sf-ui-text-light-webfont.woff2]
[amisign.com/wp-content/themes/wp-recruitment/assets/fonts/sf-ui-text-light-webfont.woff]
[amisign.com/wp-content/themes/wp-recruitment/assets/fonts/sf-ui-text-bold-webfont.woff2]
[amisign.com/wp-content/themes/wp-recruitment/assets/fonts/sf-ui-text-bold-webfont.woff]
[amisign.com/wp-content/themes/wp-recruitment/assets/fonts/sf-ui-text-medium-webfont.woff2]
[amisign.com/wp-content/themes/wp-recruitment/assets/fonts/sf-ui-text-medium-webfont.woff]
[amisign.com/wp-content/themes/wp-recruitment/assets/fonts/sf-ui-text-regular-webfont.woff2]
[amisign.com/wp-content/themes/wp-recruitment/assets/fonts/sf-ui-text-regular-webfont.woff]
[amisign.com/wp-content/themes/wp-recruitment/assets/fonts/sf-ui-text-semibold-webfont.woff2]
[amisign.com/wp-content/themes/wp-recruitment/assets/fonts/sf-ui-text-semibold-webfont.woff]
[amisign.com/wp-content/themes/wp-recruitment/assets/css/staticcfa9.css]
[amisign.com/wp-content/themes/wp-recruitment/assets/css/custom-dynamic092c.css]
[amisign.com/wp-content/plugins/newsletter/stylea78f.css]
[amisign.com/wp-content/plugins/js_composer/assets/vc/alert.png]
[amisign.com/wp-content/plugins/js_composer/assets/vc/info.png]
[amisign.com/wp-content/plugins/js_composer/assets/vc/tick.png]
[amisign.com/wp-content/plugins/js_composer/assets/vc/exclamation.png]
[amisign.com/wp-content/plugins/js_composer/assets/images/icons/address-book.png]
[amisign.com/wp-content/plugins/js_composer/assets/images/icons/alarm-clock.png]
[amisign.com/wp-content/plugins/js_composer/assets/images/icons/anchor.png]
[amisign.com/wp-content/plugins/js_composer/assets/images/icons/application-image.png]
[amisign.com/wp-content/plugins/js_composer/assets/images/icons/arrow.png]
[amisign.com/wp-content/plugins/js_composer/assets/images/icons/asterisk.png]
[amisign.com/wp-content/plugins/js_composer/assets/images/icons/auction-hammer.png]
[amisign.com/wp-content/plugins/js_composer/assets/images/icons/balloon.png]
[amisign.com/wp-content/plugins/js_composer/assets/images/icons/balloon-buzz.png]
[amisign.com/wp-content/plugins/js_composer/assets/images/icons/balloon-facebook.png]
[amisign.com/wp-content/plugins/js_composer/assets/images/icons/balloon-twitter.png]
[amisign.com/wp-content/plugins/js_composer/assets/images/icons/battery-full.png]
[amisign.com/wp-content/plugins/js_composer/assets/images/icons/binocular.png]
[amisign.com/wp-content/plugins/js_composer/assets/images/icons/blue-document-excel.png]
[amisign.com/wp-content/plugins/js_composer/assets/images/icons/blue-document-image.png]
[amisign.com/wp-content/plugins/js_composer/assets/images/icons/blue-document-music.png]
[amisign.com/wp-content/plugins/js_composer/assets/images/icons/blue-document-office.png]
[amisign.com/wp-content/plugins/js_composer/assets/images/icons/blue-document-pdf.png]
[amisign.com/wp-content/plugins/js_composer/assets/images/icons/blue-document-powerpoint.png]
[amisign.com/wp-content/plugins/js_composer/assets/images/icons/blue-document-word.png]
[amisign.com/wp-content/plugins/js_composer/assets/images/icons/bookmark.png]
[amisign.com/wp-content/plugins/js_composer/assets/images/icons/camcorder.png]
[amisign.com/wp-content/plugins/js_composer/assets/images/icons/camera.png]
[amisign.com/wp-content/plugins/js_composer/assets/images/icons/chart.png]
[amisign.com/wp-content/plugins/js_composer/assets/images/icons/chart-pie.png]
[amisign.com/wp-content/plugins/js_composer/assets/images/icons/clock.png]
[amisign.com/wp-content/plugins/js_composer/assets/images/icons/control.png]
[amisign.com/wp-content/plugins/js_composer/assets/images/icons/fire.png]
[amisign.com/wp-content/plugins/js_composer/assets/images/icons/heart.png]
[amisign.com/wp-content/plugins/js_composer/assets/images/icons/mail.png]
[amisign.com/wp-content/plugins/js_composer/assets/images/icons/plus-shield.png]
[amisign.com/wp-content/plugins/js_composer/assets/images/icons/video.png]
[amisign.com/wp-content/plugins/js_composer/assets/fonts/vc_icons_v2/fonts/vcpb-plugin-iconsb82a.eot]
[amisign.com/wp-content/plugins/js_composer/assets/fonts/vc_icons_v2/fonts/vcpb-plugin-iconsb82a.ttf]
[amisign.com/wp-content/plugins/js_composer/assets/fonts/vc_icons_v2/fonts/vcpb-plugin-iconsb82a.woff]
[amisign.com/wp-content/plugins/js_composer/assets/fonts/vc_icons_v2/fonts/vcpb-plugin-iconsb82a.svg]
[amisign.com/wp-content/plugins/js_composer/assets/images/toggle_open.png]
[amisign.com/wp-content/plugins/js_composer/assets/images/toggle_close.png]
[amisign.com/wp-content/plugins/js_composer/assets/images/flickr.png]
[amisign.com/wp-content/plugins/js_composer/assets/fonts/vc_grid/vc_grid_v157a1.eot]
[amisign.com/wp-content/plugins/js_composer/assets/fonts/vc_grid/vc_grid_v1d41d.eot]
[amisign.com/wp-content/plugins/js_composer/assets/fonts/vc_grid/vc_grid_v157a1.woff]
[amisign.com/wp-content/plugins/js_composer/assets/fonts/vc_grid/vc_grid_v157a1.ttf]
[amisign.com/wp-content/plugins/js_composer/assets/fonts/vc_grid/vc_grid_v157a1.svg]
[amisign.com/wp-content/plugins/js_composer/assets/images/spinner.gif]
[amisign.com/wp-content/plugins/js_composer/assets/vc/remove.png]
[amisign.com/wp-content/plugins/js_composer/assets/css/js_composer.min24b2.css]
[amisign.com/wp-admin/admin-ajax.html]
[amisign.com/wp-json/oembed/1.0/embed8101.json]
[amisign.com/wp-json/oembed/1.0/embeda10e]
[amisign.com/wp-content/uploads/2018/12/bg-page-title.jpg]
[amisign.com/forgot-password/index0b10.html]
[amisign.com/wp-content/plugins/jobboard-deadline/assets/js/jobboard-deadline7e96.js]
[amisign.com/wp-content/plugins/jobboard/assets/libs/select2/classie7e96.js]
[amisign.com/wp-content/plugins/jobboard/assets/libs/modal-effects/modal-effects7e96.js]
[amisign.com/wp-content/plugins/jobboard/assets/js/jobboard7e96.js]
[amisign.com/forgot-password/index.html]
[amisign.com/wp-json/oembed/1.0/embed35d4.json]
[amisign.com/wp-json/oembed/1.0/embeddada]
[amisign.com/wp-content/plugins/js_composer/assets/lib/bower/skrollr/dist/skrollr.min24b2.js]
[amisign.com/register/index.html]
[amisign.com/register/indexb5dc.html]
[amisign.com/dashboard/profile/index.html]
[amisign.com/wp-json/oembed/1.0/embed8799.json]
[amisign.com/wp-json/oembed/1.0/embeda433]
[amisign.com/wp-content/uploads/2016/10/MapsAboutUs.jpg]
[amisign.com/wp-content/uploads/2016/10/About-Icon-6.png]
[amisign.com/wp-content/uploads/2016/10/About-Icon-5.png]
[amisign.com/wp-content/uploads/2016/10/About-Icon-4.png]
[amisign.com/wp-content/uploads/2016/10/About-Icon-3.png]
[amisign.com/wp-content/uploads/2016/10/About-Icon-2.png]
[amisign.com/wp-content/uploads/2016/10/About-Icon-1.png]
[amisign.com/wp-content/uploads/2016/10/About-Counter-Icon4.png]
[amisign.com/wp-content/uploads/2016/10/About-Counter-Icon3.png]
[amisign.com/wp-content/uploads/2016/10/About-Counter-Icon2.png]
[amisign.com/wp-content/uploads/2016/10/About-Counter-Icon1.png]
[amisign.com/wp-content/plugins/cmssuperheroes/assets/css/owl.carousel30b5.css]
[amisign.com/about/index52c4.html]
[amisign.com/wp-content/plugins/jobboard-deadline/assets/js/jobboard-deadline50b8.js]
[amisign.com/wp-content/plugins/jobboard/assets/libs/select2/classie50b8.js]
[amisign.com/wp-content/plugins/jobboard/assets/libs/modal-effects/modal-effects50b8.js]
[amisign.com/wp-content/plugins/jobboard/assets/js/jobboard50b8.js]
[amisign.com/wp-content/plugins/cmssuperheroes/assets/js/counter.min8a54.js]
[amisign.com/wp-content/plugins/js_composer/assets/lib/waypoints/waypoints.min24b2.js]
[amisign.com/wp-content/themes/wp-recruitment/assets/js/counter.cms8a54.js]
[amisign.com/wp-content/plugins/cmssuperheroes/assets/js/owl.carousel.min30b5.js]
[amisign.com/about/index.html]
[amisign.com/wp-json/oembed/1.0/embed4c82.json]
[amisign.com/wp-json/oembed/1.0/embed542d]
[amisign.com/wp-content/plugins/js_composer/assets/css/js_composer_tta.min24b2.css]
[amisign.com/wp-content/plugins/js_composer/assets/css/lib/vc-material/vc_material.min24b2.css]
[amisign.com/wp-content/plugins/js_composer/assets/lib/bower/animate-css/animate.min24b2.css]
[amisign.com/industry-standard/index5334.html]
[amisign.com/wp-content/plugins/js_composer/assets/lib/vc_accordion/vc-accordion.min24b2.js]
[amisign.com/wp-content/plugins/js_composer/assets/lib/vc-tta-autoplay/vc-tta-autoplay.min24b2.js]
[amisign.com/wp-content/plugins/js_composer/assets/lib/vc_tabs/vc-tabs.min24b2.js]
[amisign.com/industry-standard/index.html]
[amisign.com/wp-content/plugins/jobboard-map/assets/js/markerclustererccd5.js]
[amisign.com/jobs/feed/index.html]
[amisign.com/wp-content/plugins/jobboard-map/assets/js/jobboard-mapccd5.js]
[amisign.com/jobs/index.html]
[amisign.com/type/full-time/index.html]
[amisign.com/type/internship/index.html]
[amisign.com/type/part-time/index.html]
[amisign.com/type/temporary/index.html]
[amisign.com/wp-json/oembed/1.0/embed7aba.json]
[amisign.com/jobs/index8f59.html]
[amisign.com/wp-json/oembed/1.0/embede002]
[amisign.com/wp-content/plugins/jobboard-deadline/assets/js/jobboard-deadline5e22.js]
[amisign.com/contact/index3dc1.html]
[amisign.com/wp-content/plugins/jobboard/assets/libs/select2/classie5e22.js]
[amisign.com/wp-content/plugins/jobboard/assets/libs/modal-effects/modal-effects5e22.js]
[amisign.com/wp-content/plugins/jobboard/assets/js/jobboard5e22.js]
[amisign.com/wp-content/themes/wp-recruitment/inc/elements/googlemap/cms.googlemap6e0e.js]
[amisign.com/contact/index.html]
[amisign.com/wp-content/plugins/jobboard-map/assets/js/markerclusterer5e22.js]
[amisign.com/wp-content/plugins/jobboard-map/assets/js/jobboard-map5e22.js]
[amisign.com/indexeb6b.html]
[amisign.com/index0505.html]
[amisign.com/wp-content/plugins/jobboard-deadline/assets/js/jobboard-deadline3ad3.js]
[amisign.com/wp-content/plugins/jobboard/assets/libs/select2/classie3ad3.js]
[amisign.com/wp-content/plugins/jobboard/assets/libs/modal-effects/modal-effects3ad3.js]
[amisign.com/wp-content/plugins/jobboard/assets/js/jobboard3ad3.js]
[amisign.com/wp-content/plugins/jobboard-map/assets/js/markerclusterer3ad3.js]
[amisign.com/wp-content/plugins/jobboard-map/assets/js/jobboard-map3ad3.js]
[amisign.com/indexc043.html]
[amisign.com/wp-content/plugins/jobboard-deadline/assets/js/jobboard-deadline339a.js]
[amisign.com/wp-content/plugins/jobboard/assets/libs/select2/classie339a.js]
[amisign.com/wp-content/plugins/jobboard/assets/libs/modal-effects/modal-effects339a.js]
[amisign.com/wp-content/plugins/jobboard/assets/js/jobboard339a.js]
[amisign.com/wp-content/plugins/jobboard-map/assets/js/markerclusterer339a.js]
[amisign.com/wp-content/plugins/jobboard-map/assets/js/jobboard-map339a.js]
[amisign.com/index196c.html]
[amisign.com/wp-content/plugins/jobboard-deadline/assets/js/jobboard-deadline3af1.js]
[amisign.com/wp-content/plugins/jobboard/assets/libs/select2/classie3af1.js]
[amisign.com/wp-content/plugins/jobboard/assets/libs/modal-effects/modal-effects3af1.js]
[amisign.com/wp-content/plugins/jobboard/assets/js/jobboard3af1.js]
[amisign.com/wp-content/plugins/jobboard-map/assets/js/markerclusterer3af1.js]
[amisign.com/wp-content/plugins/jobboard-map/assets/js/jobboard-map3af1.js]
[amisign.com/index361a.html]
[amisign.com/wp-json/oembed/1.0/embed711d.json]
[amisign.com/wp-json/oembed/1.0/embedb0e8]
[amisign.com/wp-content/plugins/jobboard-deadline/assets/js/jobboard-deadline3974.js]
[amisign.com/wp-content/plugins/jobboard/assets/libs/select2/classie3974.js]
[amisign.com/wp-content/plugins/jobboard/assets/libs/modal-effects/modal-effects3974.js]
[amisign.com/job/technical-architect-api-platform/indexba46.html]
[amisign.com/wp-content/plugins/jobboard/assets/js/jobboard3974.js]
[amisign.com/wp-content/plugins/jobboard-map/assets/js/markerclusterer3974.js]
[amisign.com/wp-content/plugins/jobboard-map/assets/js/jobboard-single-map3974.js]
[amisign.com/job/technical-architect-api-platform/index.html]
[amisign.com/location/bangalore/index.html]
[amisign.com/wp-content/plugins/jobboard-map/assets/js/jobboard-map3974.js]
[amisign.com/location/bangalore/feed/index.html]
[amisign.com/wp-content/themes/wp-recruitment/assets/css/owl.video.play.png]
[amisign.com/wp-content/themes/wp-recruitment/assets/css/owl.carousel30b5.css]
[amisign.com/wp-content/plugins/js_composer/assets/lib/bower/font-awesome/fonts/fontawesome-webfont3e6e.svg]
[amisign.com/wp-content/plugins/revslider/public/assets/fonts/revicons/revicons90c6.svg]
[amisign.com/wp-content/themes/wp-recruitment/assets/fonts/glyphicons-halflings-regular.svg]
[amisign.com/wp-content/themes/wp-recruitment/assets/fonts/Pe-icon-7-strokea93c.svg]
[amisign.com/wp-content/themes/wp-recruitment/assets/images/icon-razorpay.html]
[amisign.com/wp-content/themes/wp-recruitment/assets/images/hd-arrow-top.html]
[amisign.com/wp-content/themes/wp-recruitment/assets/images/hd-arrow-bottom.html]
[amisign.com/wp-content/plugins/js_composer/assets/fonts/vc_icons_v2/fonts/vcpb-plugin-iconsb82a.svg]
[amisign.com/wp-content/plugins/js_composer/assets/vc/blur.svg]
[amisign.com/wp-content/plugins/js_composer/assets/fonts/vc_grid/vc_grid_v157a1.svg]
[amisign.com/indexa722.html]
[amisign.com/wp-content/plugins/jobboard-deadline/assets/js/jobboard-deadlinee61f.js]
[amisign.com/wp-content/plugins/jobboard/assets/libs/select2/classiee61f.js]
[amisign.com/wp-content/plugins/jobboard/assets/libs/modal-effects/modal-effectse61f.js]
[amisign.com/wp-content/plugins/jobboard/assets/js/jobboarde61f.js]
[amisign.com/forgot-password/index0b10.html]
[amisign.com/index456c.html]
[amisign.com/wp-content/plugins/jobboard/assets/css/dashboard092c.css]
[amisign.com/wp-content/plugins/jobboard-map/assets/css/geo-locations092c.css]
[amisign.com/wp-json/oembed/1.0/embed08a8.json]
[amisign.com/dashboard/index.html]
[amisign.com/wp-json/oembed/1.0/embeda307]
[amisign.com/wp-content/plugins/jobboard-razorpay/assets/js/jobboard-razorpay578f.js]
[amisign.com/wp-content/plugins/jobboard/assets/libs/select2/classie578f.js]
[amisign.com/dashboard/profile/index152c.html]
[amisign.com/wp-content/plugins/jobboard/assets/libs/modal-effects/modal-effects578f.js]
[amisign.com/wp-content/plugins/jobboard/assets/js/jobboard578f.js]
[amisign.com/wp-content/plugins/jobboard/assets/js/dashboard578f.js]
[amisign.com/wp-content/plugins/jobboard-map/assets/js/markerclusterer578f.js]
[amisign.com/wp-content/plugins/jobboard-map/assets/js/geo-locations578f.js]
[amisign.com/dashboard/profile/index.html]
[amisign.com/register/indexb5dc.html]
[amisign.com/index2003.html]
[amisign.com/wp-content/plugins/jobboard-deadline/assets/js/jobboard-deadlinecfc2.js]
[amisign.com/wp-content/plugins/jobboard/assets/libs/select2/classiecfc2.js]
[amisign.com/wp-content/plugins/jobboard/assets/libs/modal-effects/modal-effectscfc2.js]
[amisign.com/wp-content/plugins/jobboard/assets/js/jobboardcfc2.js]
[amisign.com/about/index52c4.html]
[amisign.com/wp-content/plugins/cmssuperheroes/assets/css/owl.video.play.png]
[amisign.com/wp-content/plugins/cmssuperheroes/assets/css/owl.carousel30b5.css]
[amisign.com/indexbf5e.html]
[amisign.com/wp-content/plugins/jobboard-deadline/assets/js/jobboard-deadline0280.js]
[amisign.com/wp-content/plugins/jobboard/assets/libs/select2/classie0280.js]
[amisign.com/wp-content/plugins/jobboard/assets/libs/modal-effects/modal-effects0280.js]
[amisign.com/wp-content/plugins/jobboard/assets/js/jobboard0280.js]
[amisign.com/industry-standard/index5334.html]
[amisign.com/wp-content/plugins/js_composer/assets/css/js_composer_tta.min24b2.css]
[amisign.com/wp-content/plugins/js_composer/assets/css/lib/vc-material/fonts/vc_material7ffd.ttf]
[amisign.com/wp-content/plugins/js_composer/assets/css/lib/vc-material/fonts/vc_material7ffd.woff]
[amisign.com/wp-content/plugins/js_composer/assets/css/lib/vc-material/vc_material.min24b2.css]
[amisign.com/wp-content/plugins/js_composer/assets/lib/bower/animate-css/animate.min24b2.css]
[amisign.com/wp-content/plugins/js_composer/assets/css/lib/vc-material/fonts/vc_material7ffd.svg]
[amisign.com/type/full-time/feed/index.html]
[amisign.com/wp-content/plugins/jobboard-deadline/assets/js/jobboard-deadline21f8.js]
[amisign.com/wp-content/plugins/jobboard/assets/libs/select2/classie21f8.js]
[amisign.com/wp-content/plugins/jobboard/assets/libs/modal-effects/modal-effects21f8.js]
[amisign.com/wp-content/plugins/jobboard/assets/js/jobboard21f8.js]
[amisign.com/wp-content/plugins/jobboard-map/assets/js/markerclusterer21f8.js]
[amisign.com/wp-content/plugins/jobboard-map/assets/js/jobboard-map21f8.js]
[amisign.com/type/full-time/index.html]
[amisign.com/type/internship/index.html]
[amisign.com/type/internship/feed/index.html]
[amisign.com/type/part-time/index.html]
[amisign.com/type/part-time/feed/index.html]
[amisign.com/wp-content/plugins/jobboard-deadline/assets/js/jobboard-deadline65b2.js]
[amisign.com/type/temporary/feed/index.html]
[amisign.com/wp-content/plugins/jobboard/assets/libs/select2/classie65b2.js]
[amisign.com/wp-content/plugins/jobboard/assets/libs/modal-effects/modal-effects65b2.js]
[amisign.com/wp-content/plugins/jobboard/assets/js/jobboard65b2.js]
[amisign.com/wp-content/plugins/jobboard-map/assets/js/markerclusterer65b2.js]
[amisign.com/wp-content/plugins/jobboard-map/assets/js/jobboard-map65b2.js]
[amisign.com/type/temporary/index.html]
[amisign.com/wp-content/plugins/jobboard-deadline/assets/js/jobboard-deadline8aad.js]
[amisign.com/wp-content/plugins/jobboard/assets/libs/select2/classie8aad.js]
[amisign.com/wp-content/plugins/jobboard/assets/libs/modal-effects/modal-effects8aad.js]
[amisign.com/wp-content/plugins/jobboard/assets/js/jobboard8aad.js]
[amisign.com/wp-content/plugins/jobboard-map/assets/js/markerclusterer8aad.js]
[amisign.com/wp-content/plugins/jobboard-map/assets/js/jobboard-map8aad.js]
[amisign.com/jobs/index8f59.html]
[amisign.com/index40a0.html]
[amisign.com/wp-content/plugins/jobboard-deadline/assets/js/jobboard-deadlinea927.js]
[amisign.com/wp-content/plugins/jobboard/assets/libs/select2/classiea927.js]
[amisign.com/wp-content/plugins/jobboard/assets/libs/modal-effects/modal-effectsa927.js]
[amisign.com/wp-content/plugins/jobboard/assets/js/jobboarda927.js]
[amisign.com/contact/index3dc1.html]
[amisign.com/indexdf2c.html]
[amisign.com/wp-content/plugins/jobboard-deadline/assets/js/jobboard-deadline41a3.js]
[amisign.com/wp-content/plugins/jobboard/assets/libs/select2/classie41a3.js]
[amisign.com/wp-content/plugins/jobboard/assets/libs/modal-effects/modal-effects41a3.js]
[amisign.com/wp-content/plugins/jobboard/assets/js/jobboard41a3.js]
[amisign.com/wp-content/plugins/jobboard-map/assets/js/markerclusterer41a3.js]
[amisign.com/wp-content/plugins/jobboard-map/assets/js/jobboard-single-map41a3.js]
[amisign.com/job/technical-architect-api-platform/indexba46.html]
[amisign.com/wp-content/themes/wp-recruitment/assets/css/owl.video.play.html]
[amisign.com/wp-content/plugins/jobboard/assets/css/dashboard092c.css]
[amisign.com/wp-content/plugins/jobboard-map/assets/css/geo-locations092c.css]
[amisign.com/wp-content/plugins/jobboard-deadline/assets/js/jobboard-deadline21d7.js]
[amisign.com/dashboard/index152c.html]
[amisign.com/wp-content/plugins/jobboard-razorpay/assets/js/jobboard-razorpay21d7.js]
[amisign.com/wp-content/plugins/jobboard/assets/libs/select2/classie21d7.js]
[amisign.com/wp-content/plugins/jobboard/assets/libs/modal-effects/modal-effects21d7.js]
[amisign.com/wp-content/plugins/jobboard/assets/js/jobboard21d7.js]
[amisign.com/wp-content/plugins/jobboard/assets/js/dashboard21d7.js]
[amisign.com/dashboard/index.html]
[amisign.com/indexd0f6.html]
[amisign.com/wp-content/plugins/jobboard-deadline/assets/js/jobboard-deadline7a30.js]
[amisign.com/wp-content/plugins/jobboard-razorpay/assets/js/jobboard-razorpay7a30.js]
[amisign.com/wp-content/plugins/jobboard/assets/libs/select2/classie7a30.js]
[amisign.com/wp-content/plugins/jobboard/assets/libs/modal-effects/modal-effects7a30.js]
[amisign.com/wp-content/plugins/jobboard/assets/js/jobboard7a30.js]
[amisign.com/wp-content/plugins/jobboard/assets/js/dashboard7a30.js]
[amisign.com/wp-content/plugins/jobboard-map/assets/js/markerclusterer7a30.js]
[amisign.com/wp-content/plugins/jobboard-map/assets/js/geo-locations7a30.js]
[amisign.com/dashboard/profile/index152c.html]
[amisign.com/wp-content/plugins/cmssuperheroes/assets/css/owl.video.play.html]
[amisign.com/wp-content/plugins/js_composer/assets/css/lib/vc-material/fonts/vc_material7ffd.svg]
[amisign.com/wp-content/plugins/jobboard-deadline/assets/js/jobboard-deadline578f.js]
[amisign.com/wp-content/plugins/jobboard-deadline/assets/js/jobboard-deadlineffb8.js]
[amisign.com/wp-content/plugins/jobboard-razorpay/assets/js/jobboard-razorpayffb8.js]
[amisign.com/wp-content/plugins/jobboard/assets/libs/select2/classieffb8.js]
[amisign.com/wp-content/plugins/jobboard/assets/libs/modal-effects/modal-effectsffb8.js]
[amisign.com/wp-content/plugins/jobboard/assets/js/jobboardffb8.js]
[amisign.com/wp-content/plugins/jobboard/assets/js/dashboardffb8.js]
[amisign.com/dashboard/index152c.html]
