[amisign.com/index.html]
[amisign.com/xmlrpc.php]
[backblue.gif]
[fade.gif]
[index.html]
[amisign.com/wp-content/plugins/cmssuperheroes/assets/css/cms-style092c.css]
[amisign.com/comments/feed/index.html]
[amisign.com/feed/index.html]
[amisign.com/wp-content/plugins/contact-form-7/includes/css/styles5560.css]
[amisign.com/wp-content/plugins/jobboard-map/assets/css/jobboard-map092c.css]
[amisign.com/wp-content/plugins/jobboard/assets/libs/select2/select2.minfa0c.css]
[amisign.com/wp-content/plugins/jobboard/assets/libs/bootstrap/responsive.min092c.css]
[amisign.com/wp-content/plugins/jobboard/assets/libs/modal-effects/modal-effects092c.css]
[amisign.com/wp-content/plugins/jobboard/assets/css/jobboard092c.css]
[amisign.com/wp-includes/css/dashicons.min092c.css]
[amisign.com/wp-content/plugins/revslider/public/assets/css/settings23da.css]
[amisign.com/wp-content/themes/wp-recruitment/assets/css/bootstrap.mind617.css]
[amisign.com/wp-content/themes/wp-recruitment/assets/css/magnific-popup8a54.css]
[amisign.com/wp-content/themes/wp-recruitment/assets/css/material-design-iconic-font.minb2f9.css]
[amisign.com/wp-content/themes/wp-recruitment/style092c.css]
[amisign.com/wp-content/themes/wp-recruitment/assets/css/pe-icon-7-strokef269.css]
[amisign.com/wp-content/themes/wp-recruitment/assets/css/staticcfa9.css]
[amisign.com/wp-content/plugins/newsletter/stylea78f.css]
[amisign.com/wp-content/plugins/js_composer/assets/css/js_composer.min24b2.css]
[amisign.com/wp-includes/js/jquery/jquery-migrate.min330a.js]
[amisign.com/wp-includes/js/jquery/jqueryb8ff.js]
[amisign.com/wp-content/plugins/revslider/public/assets/js/jquery.themepunch.revolution.min23da.js]
[amisign.com/wp-content/themes/wp-recruitment/assets/js/bootstrap.mind617.js]
[amisign.com/wp-content/themes/wp-recruitment/assets/js/jquery.magnific-popup.min8a54.js]
[amisign.com/xmlrpc0db0.php]
[amisign.com/wp-includes/wlwmanifest.xml]
[amisign.com/wp-json/index.html]
[amisign.com/wp-json/oembed/1.0/embedc99b.json]
[amisign.com/wp-json/oembed/1.0/embeddc7b]
[amisign.com/wp-admin/admin-ajax.php]
[amisign.com/wp-content/uploads/2018/11/cropped-amicon1-32x32.png]
[amisign.com/wp-content/uploads/2018/11/cropped-amicon1-192x192.png]
[amisign.com/wp-content/uploads/2018/11/cropped-amicon1-180x180.png]
[amisign.com/wp-content/uploads/2018/11/am2.png]
[amisign.com/wp-content/uploads/2018/11/2-1-1.jpg]
[amisign.com/forgot-password/index.html]
[amisign.com/register/index.html]
[amisign.com/wp-content/uploads/2016/10/process_icon3.png]
[amisign.com/wp-content/uploads/2016/10/process_icon2.png]
[amisign.com/industry-standard/index.html]
[amisign.com/jobs/index.html]
[amisign.com/about/index.html]
[amisign.com/wp-content/uploads/2016/10/process_icon1.png]
[amisign.com/indexeb6b.html]
[amisign.com/contact/index.html]
[amisign.com/index0505.html]
[amisign.com/wp-content/uploads/2016/10/image-profile.jpg]
[amisign.com/indexc043.html]
[amisign.com/wp-content/uploads/2016/10/image-CV.jpg]
[amisign.com/index196c.html]
[amisign.com/index361a.html]
[amisign.com/wp-content/uploads/2016/11/Testimonial_4.jpg]
[amisign.com/location/bangalore/index.html]
[amisign.com/job/technical-architect-api-platform/index.html]
[amisign.com/wp-content/themes/wp-recruitment/assets/css/owl.carousel30b5.css]
[amisign.com/wp-content/plugins/contact-form-7/includes/js/scripts5560.js]
[amisign.com/wp-content/plugins/jobboard-deadline/assets/js/jquery.countdown.min3601.js]
[amisign.com/wp-content/plugins/jobboard-deadline/assets/js/jobboard-deadline9b74.js]
[amisign.com/wp-content/plugins/jobboard/assets/libs/select2/select2.minfa0c.js]
[amisign.com/wp-content/plugins/jobboard/assets/libs/select2/classie9b74.js]
[amisign.com/wp-content/plugins/jobboard/assets/libs/modal-effects/modal-effects9b74.js]
[amisign.com/wp-content/plugins/jobboard/assets/js/jobboard9b74.js]
[amisign.com/wp-content/plugins/news-twitter/js/jquery.bxslider.min8aee.js]
[amisign.com/wp-content/plugins/news-twitter/js/news-twitter8a54.js]
[amisign.com/wp-content/themes/wp-recruitment/assets/js/main8a54.js]
[amisign.com/wp-content/themes/wp-recruitment/assets/js/menu8a54.js]
[amisign.com/wp-content/themes/wp-recruitment/assets/js/jquery.matchHeight-min8a54.js]
[amisign.com/wp-content/themes/wp-recruitment/assets/js/enscroll8a54.js]
[amisign.com/wp-content/plugins/newsletter/subscription/validatea78f.js]
[amisign.com/wp-includes/js/wp-embed.min092c.js]
[amisign.com/wp-content/plugins/js_composer/assets/js/dist/js_composer_front.min24b2.js]
[amisign.com/wp-content/themes/wp-recruitment/assets/js/owl.carousel.min30b5.js]
[amisign.com/wp-content/themes/wp-recruitment/inc/elements/jobboard/cms-jobs8a54.js]
[amisign.com/wp-content/themes/wp-recruitment/assets/js/owl.carousel.cms8a54.js]
[amisign.com/index.html]
[amisign.com/xmlrpc.php]
[amisign.com/wp-content/plugins/cmssuperheroes/assets/css/cms-style092c.css]
[amisign.com/wp-content/plugins/contact-form-7/images/ajax-loader.gif]
[amisign.com/wp-content/plugins/contact-form-7/includes/css/styles5560.css]
[amisign.com/wp-content/plugins/jobboard-map/assets/css/jobboard-map092c.css]
[amisign.com/wp-content/plugins/jobboard-profile-widget/assets/css/profile-widget092c.css]
[amisign.com/wp-content/plugins/jobboard/assets/libs/select2/select2.minfa0c.css]
[amisign.com/wp-content/plugins/jobboard/assets/libs/bootstrap/responsive.min092c.css]
[amisign.com/wp-content/plugins/jobboard/assets/libs/modal-effects/modal-effects092c.css]
[amisign.com/wp-content/plugins/jobboard/assets/css/jobboard092c.css]
[amisign.com/wp-includes/fonts/dashicons.eot]
[amisign.com/wp-includes/css/dashicons.min092c.css]
[amisign.com/wp-content/plugins/js_composer/assets/lib/bower/font-awesome/css/font-awesome.min24b2.css]
[amisign.com/wp-content/plugins/revslider/public/assets/fonts/revicons/revicons90c6.eot]
[amisign.com/wp-content/plugins/revslider/public/assets/fonts/revicons/revicons90c6.woff]
[amisign.com/wp-content/plugins/revslider/public/assets/fonts/revicons/revicons90c6.ttf]
[amisign.com/wp-content/plugins/revslider/public/assets/fonts/revicons/revicons90c6.svg]
[amisign.com/wp-content/plugins/revslider/public/assets/css/openhand.cur]
[amisign.com/wp-content/plugins/revslider/public/assets/css/closedhand.cur]
[amisign.com/wp-content/plugins/revslider/public/assets/assets/gridtile.png]
[amisign.com/wp-content/plugins/revslider/public/assets/assets/gridtile_white.png]
[amisign.com/wp-content/plugins/revslider/public/assets/assets/gridtile_3x3.png]
[amisign.com/wp-content/plugins/revslider/public/assets/css/settings23da.css]
[amisign.com/wp-content/themes/wp-recruitment/assets/fonts/glyphicons-halflings-regulard41d.eot]
[amisign.com/wp-content/themes/wp-recruitment/assets/fonts/glyphicons-halflings-regular.woff2]
[amisign.com/wp-content/themes/wp-recruitment/assets/fonts/glyphicons-halflings-regular.woff]
[amisign.com/wp-content/themes/wp-recruitment/assets/fonts/glyphicons-halflings-regular.ttf]
[amisign.com/wp-content/themes/wp-recruitment/assets/fonts/glyphicons-halflings-regular.svg]
[amisign.com/wp-content/themes/wp-recruitment/assets/css/bootstrap.mind617.css]
[amisign.com/wp-content/themes/wp-recruitment/assets/css/magnific-popup8a54.css]
[amisign.com/wp-content/themes/wp-recruitment/assets/fonts/Material-Design-Iconic-Fontd1f1.woff2]
[amisign.com/wp-content/themes/wp-recruitment/assets/fonts/Material-Design-Iconic-Fontd1f1.woff]
[amisign.com/wp-content/themes/wp-recruitment/assets/fonts/Material-Design-Iconic-Fontd1f1.ttf]
[amisign.com/wp-content/themes/wp-recruitment/assets/css/material-design-iconic-font.minb2f9.css]
[amisign.com/wp-content/themes/wp-recruitment/style092c.css]
[amisign.com/wp-content/themes/wp-recruitment/assets/fonts/Pe-icon-7-strokea93c.eot]
[amisign.com/wp-content/themes/wp-recruitment/assets/fonts/Pe-icon-7-stroked41d.eot]
[amisign.com/wp-content/themes/wp-recruitment/assets/fonts/Pe-icon-7-strokea93c.woff]
[amisign.com/wp-content/themes/wp-recruitment/assets/fonts/Pe-icon-7-strokea93c.ttf]
[amisign.com/wp-content/themes/wp-recruitment/assets/fonts/Pe-icon-7-strokea93c.svg]
[amisign.com/wp-content/themes/wp-recruitment/assets/css/pe-icon-7-strokef269.css]
[amisign.com/wp-content/uploads/2017/12/event-banner.jpg]
[amisign.com/wp-content/themes/wp-recruitment/assets/images/icon-paypal.png]
[amisign.com/wp-content/themes/wp-recruitment/assets/images/icon-razorpay.png]
[amisign.com/wp-content/themes/wp-recruitment/assets/images/cv.png]
[amisign.com/wp-content/themes/wp-recruitment/assets/images/hd-arrow-top.5f.delayed]
[amisign.com/wp-content/themes/wp-recruitment/assets/images/hd-arrow-bottom.png]
[amisign.com/wp-content/themes/wp-recruitment/assets/images/icon-zoom.png]
[amisign.com/wp-content/themes/wp-recruitment/assets/images/apply-icon.png]
[amisign.com/wp-content/themes/wp-recruitment/assets/images/icon-cart.png]
